// Jest Snapshot v1, https://goo.gl/fbAQLP

exports[`ScheduleScreen Default 1`] = `ShallowWrapper {}`;

exports[`ScheduleScreen Default 2`] = `ShallowWrapper {}`;

exports[`ScheduleScreen Default 3`] = `ShallowWrapper {}`;

exports[`ScheduleScreen Default 4`] = `ShallowWrapper {}`;

exports[`ScheduleScreen Default 5`] = `ShallowWrapper {}`;

exports[`ScheduleScreen Default 6`] = `ShallowWrapper {}`;
